WARNING: A restricted method in java.lang.System has been called
WARNING: java.lang.System::load has been called by org.fusesource.jansi.internal.JansiLoader in an unnamed module (file:/Users/greghiggins/.sdkman/candidates/maven/current/lib/jansi-2.4.1.jar)
WARNING: Use --enable-native-access=ALL-UNNAMED to avoid a warning for callers in this module
WARNING: Restricted methods will be blocked in a future release unless native access is enabled

WARNING: A terminally deprecated method in sun.misc.Unsafe has been called
WARNING: sun.misc.Unsafe::objectFieldOffset has been called by com.google.common.util.concurrent.AbstractFuture$UnsafeAtomicHelper (file:/Users/greghiggins/.sdkman/candidates/maven/current/lib/guava-33.2.1-jre.jar)
WARNING: Please consider reporting this to the maintainers of class com.google.common.util.concurrent.AbstractFuture$UnsafeAtomicHelper
WARNING: sun.misc.Unsafe::objectFieldOffset will be removed in a future release
[INFO] Scanning for projects...
[INFO] 
[INFO] -----------< com.telamin.fluxtion:fluxtion-performance-test >-----------
[INFO] Building fluxtion-performance-test 1.0-SNAPSHOT
[INFO]   from pom.xml
[INFO] --------------------------------[ jar ]---------------------------------
[INFO] 
[INFO] --- resources:3.3.1:resources (default-resources) @ fluxtion-performance-test ---
[INFO] Copying 118 resources from src/main/resources to target/classes
[INFO] 
[INFO] --- compiler:3.13.0:compile (default-compile) @ fluxtion-performance-test ---
[INFO] Recompiling the module because of changed source code.
[INFO] Compiling 99 source files with javac [debug target 21] to target/classes
[WARNING] location of system modules is not set in conjunction with -source 21
  not setting the location of system modules may lead to class files that cannot run on JDK 21
    --release 21 is recommended instead of -source 21 -target 21 because it sets the location of system modules automatically
[INFO] /Users/greghiggins/IdeaProjects/telamin/fluxtion-performance-test/src/main/java/com/telamin/fluxtion/test/performance/validation/benchmark/ValidationBenchmark.java: /Users/greghiggins/IdeaProjects/telamin/fluxtion-performance-test/src/main/java/com/telamin/fluxtion/test/performance/validation/benchmark/ValidationBenchmark.java uses unchecked or unsafe operations.
[INFO] /Users/greghiggins/IdeaProjects/telamin/fluxtion-performance-test/src/main/java/com/telamin/fluxtion/test/performance/validation/benchmark/ValidationBenchmark.java: Recompile with -Xlint:unchecked for details.
[INFO] ------------------------------------------------------------------------
[INFO] BUILD SUCCESS
[INFO] ------------------------------------------------------------------------
[INFO] Total time:  1.704 s
[INFO] Finished at: 2026-03-26T21:27:34Z
[INFO] ------------------------------------------------------------------------
